To run a command as administrator (user "root"), use "sudo <command>".
See "man sudo_root" for details.

rong@rong-GE60-0NC-GE60-0ND:~$ install node.js
install: 在'node.js' 后缺少了要操作的目标文件
Try 'install --help' for more information.
rong@rong-GE60-0NC-GE60-0ND:~$ sudo git clone https://github.com/nodejs/node.git[sudo] rong 的密码： 
sudo: git：找不到命令
rong@rong-GE60-0NC-GE60-0ND:~$ node --version
程序“node”尚未安装。 您可以使用以下命令安装：
sudo apt install nodejs-legacy
rong@rong-GE60-0NC-GE60-0ND:~$ ^C
rong@rong-GE60-0NC-GE60-0ND:~$ node --version
程序“node”尚未安装。 您可以使用以下命令安装：
sudo apt install nodejs-legacy
rong@rong-GE60-0NC-GE60-0ND:~$ sudo apt install nodejs-legacy
正在读取软件包列表... 完成
正在分析软件包的依赖关系树       
正在读取状态信息... 完成       
将会同时安装下列软件：
  libuv1 nodejs
下列【新】软件包将被安装：
  libuv1 nodejs nodejs-legacy
升级了 0 个软件包，新安装了 3 个软件包，要卸载 0 个软件包，有 452 个软件包未被升级。
需要下载 3,246 kB 的归档。
解压缩后会消耗 13.5 MB 的额外空间。
您希望继续执行吗？ [Y/n] y
获取:1 http://cn.archive.ubuntu.com/ubuntu xenial/universe amd64 libuv1 amd64 1.8.0-1 [57.4 kB]
获取:2 http://cn.archive.ubuntu.com/ubuntu xenial-updates/universe amd64 nodejs amd64 4.2.6~dfsg-1ubuntu4.1 [3,161 kB]
获取:3 http://cn.archive.ubuntu.com/ubuntu xenial-updates/universe amd64 nodejs-legacy all 4.2.6~dfsg-1ubuntu4.1 [27.7 kB]
已下载 3,246 kB，耗时 5秒 (560 kB/s)     
正在选中未选择的软件包 libuv1:amd64。
(正在读取数据库 ... 系统当前共安装有 175030 个文件和目录。)
正准备解包 .../libuv1_1.8.0-1_amd64.deb  ...
正在解包 libuv1:amd64 (1.8.0-1) ...
正在选中未选择的软件包 nodejs。
正准备解包 .../nodejs_4.2.6~dfsg-1ubuntu4.1_amd64.deb  ...
正在解包 nodejs (4.2.6~dfsg-1ubuntu4.1) ...
正在选中未选择的软件包 nodejs-legacy。
正准备解包 .../nodejs-legacy_4.2.6~dfsg-1ubuntu4.1_all.deb  ...
正在解包 nodejs-legacy (4.2.6~dfsg-1ubuntu4.1) ...
正在处理用于 libc-bin (2.23-0ubuntu3) 的触发器 ...
正在处理用于 doc-base (0.10.7) 的触发器 ...
Processing 37 changed doc-base files, 1 added doc-base file...
“/usr/share/doc-base/xapian-python3-docs”，第 9 行 中的错误：all `Format' sections are invalid。
注意： 使用“install-docs --verbose --check file_name”可能获得关于上述错误的更多详细信息。
正在处理用于 man-db (2.7.5-1) 的触发器 ...
正在设置 libuv1:amd64 (1.8.0-1) ...
正在设置 nodejs (4.2.6~dfsg-1ubuntu4.1) ...
update-alternatives: 使用 /usr/bin/nodejs 来在自动模式中提供 /usr/bin/js (js)
正在设置 nodejs-legacy (4.2.6~dfsg-1ubuntu4.1) ...
正在处理用于 libc-bin (2.23-0ubuntu3) 的触发器 ...
rong@rong-GE60-0NC-GE60-0ND:~$ $ sudo chmod -R 755 node
$：未找到命令
rong@rong-GE60-0NC-GE60-0ND:~$ sudo chmod -R 755 node
chmod: 无法访问'node': 没有那个文件或目录
rong@rong-GE60-0NC-GE60-0ND:~$ node --version
v4.2.6
rong@rong-GE60-0NC-GE60-0ND:~$ sudo npm install -g n  
sudo: npm：找不到命令
rong@rong-GE60-0NC-GE60-0ND:~$ npm install -g n
程序“npm”尚未安装。 您可以使用以下命令安装：
sudo apt install npm
rong@rong-GE60-0NC-GE60-0ND:~$ ^C
rong@rong-GE60-0NC-GE60-0ND:~$ sudo apt install npm
正在读取软件包列表... 完成
正在分析软件包的依赖关系树       
正在读取状态信息... 完成       
将会同时安装下列软件：
  gyp libjs-inherits libjs-node-uuid libjs-underscore libssl-dev libssl-doc
  libssl1.0.0 libuv1-dev node-abbrev node-ansi node-ansi-color-table
  node-archy node-async node-block-stream node-combined-stream node-cookie-jar
  node-delayed-stream node-forever-agent node-form-data node-fstream
  node-fstream-ignore node-github-url-from-git node-glob node-graceful-fs
  node-gyp node-inherits node-ini node-json-stringify-safe node-lockfile
  node-lru-cache node-mime node-minimatch node-mkdirp node-mute-stream
  node-node-uuid node-nopt node-normalize-package-data node-npmlog node-once
  node-osenv node-qs node-read node-read-package-json node-request node-retry
  node-rimraf node-semver node-sha node-sigmund node-slide node-tar
  node-tunnel-agent node-underscore node-which nodejs-dev zlib1g-dev
建议安装：
  node-hawk node-aws-sign node-oauth-sign node-http-signature debhelper
下列【新】软件包将被安装：
  gyp libjs-inherits libjs-node-uuid libjs-underscore libssl-dev libssl-doc
  libuv1-dev node-abbrev node-ansi node-ansi-color-table node-archy node-async
  node-block-stream node-combined-stream node-cookie-jar node-delayed-stream
  node-forever-agent node-form-data node-fstream node-fstream-ignore
  node-github-url-from-git node-glob node-graceful-fs node-gyp node-inherits
  node-ini node-json-stringify-safe node-lockfile node-lru-cache node-mime
  node-minimatch node-mkdirp node-mute-stream node-node-uuid node-nopt
  node-normalize-package-data node-npmlog node-once node-osenv node-qs
  node-read node-read-package-json node-request node-retry node-rimraf
  node-semver node-sha node-sigmund node-slide node-tar node-tunnel-agent
  node-underscore node-which nodejs-dev npm zlib1g-dev
下列软件包将被升级：
  libssl1.0.0
升级了 1 个软件包，新安装了 56 个软件包，要卸载 0 个软件包，有 451 个软件包未被升级。
需要下载 6,262 kB 的归档。
解压缩后会消耗 26.7 MB 的额外空间。
您希望继续执行吗？ [Y/n] y
获取:1 http://cn.archive.ubuntu.com/ubuntu xenial-updates/main amd64 libssl1.0.0 amd64 1.0.2g-1ubuntu4.6 [1,082 kB]
获取:2 http://cn.archive.ubuntu.com/ubuntu xenial/universe amd64 gyp all 0.1+20150913git1f374df9-1ubuntu1 [265 kB]
获取:3 http://cn.archive.ubuntu.com/ubuntu xenial/universe amd64 libjs-node-uuid all 1.4.0-1 [11.1 kB]
获取:4 http://cn.archive.ubuntu.com/ubuntu xenial/main amd64 libjs-underscore all 1.7.0~dfsg-1ubuntu1 [46.7 kB]
获取:5 http://cn.archive.ubuntu.com/ubuntu xenial/main amd64 zlib1g-dev amd64 1:1.2.8.dfsg-2ubuntu4 [168 kB]
获取:6 http://cn.archive.ubuntu.com/ubuntu xenial-updates/main amd64 libssl-dev amd64 1.0.2g-1ubuntu4.6 [1,344 kB]
获取:7 http://cn.archive.ubuntu.com/ubuntu xenial-updates/main amd64 libssl-doc all 1.0.2g-1ubuntu4.6 [1,079 kB]
获取:8 http://cn.archive.ubuntu.com/ubuntu xenial/universe amd64 libuv1-dev amd64 1.8.0-1 [74.7 kB]
获取:9 http://cn.archive.ubuntu.com/ubuntu xenial/universe amd64 node-async all 0.8.0-1 [22.2 kB]
获取:10 http://cn.archive.ubuntu.com/ubuntu xenial/universe amd64 node-node-uuid all 1.4.0-1 [2,530 B]
获取:11 http://cn.archive.ubuntu.com/ubuntu xenial/universe amd64 node-underscore all 1.7.0~dfsg-1ubuntu1 [3,780 B]
获取:12 http://cn.archive.ubuntu.com/ubuntu xenial/universe amd64 libjs-inherits all 2.0.1-3 [2,794 B]
获取:13 http://cn.archive.ubuntu.com/ubuntu xenial/universe amd64 node-abbrev all 1.0.5-2 [3,592 B]
获取:14 http://cn.archive.ubuntu.com/ubuntu xenial/universe amd64 node-ansi all 0.3.0-2 [8,590 B]
获取:15 http://cn.archive.ubuntu.com/ubuntu xenial/universe amd64 node-ansi-color-table all 1.0.0-1 [4,478 B]
获取:16 http://cn.archive.ubuntu.com/ubuntu xenial/universe amd64 node-archy all 0.0.2-1 [3,660 B]
获取:17 http://cn.archive.ubuntu.com/ubuntu xenial/universe amd64 node-inherits all 2.0.1-3 [3,060 B]
获取:18 http://cn.archive.ubuntu.com/ubuntu xenial/universe amd64 node-block-stream all 0.0.7-1 [4,832 B]
获取:19 http://cn.archive.ubuntu.com/ubuntu xenial/universe amd64 node-delayed-stream all 0.0.5-1 [4,750 B]
获取:20 http://cn.archive.ubuntu.com/ubuntu xenial/universe amd64 node-combined-stream all 0.0.5-1 [4,958 B]
获取:21 http://cn.archive.ubuntu.com/ubuntu xenial/universe amd64 node-cookie-jar all 0.3.1-1 [3,746 B]
获取:22 http://cn.archive.ubuntu.com/ubuntu xenial/universe amd64 node-forever-agent all 0.5.1-1 [3,194 B]
获取:23 http://cn.archive.ubuntu.com/ubuntu xenial/universe amd64 node-mime all 1.3.4-1 [11.9 kB]
获取:24 http://cn.archive.ubuntu.com/ubuntu xenial/universe amd64 node-form-data all 0.1.0-1 [6,412 B]
获取:25 http://cn.archive.ubuntu.com/ubuntu xenial/universe amd64 node-rimraf all 2.2.8-1 [5,702 B]
获取:26 http://cn.archive.ubuntu.com/ubuntu xenial/universe amd64 node-mkdirp all 0.5.0-1 [4,690 B]
获取:27 http://cn.archive.ubuntu.com/ubuntu xenial/universe amd64 node-graceful-fs all 3.0.2-1 [7,102 B]
获取:28 http://cn.archive.ubuntu.com/ubuntu xenial/universe amd64 node-fstream all 0.1.24-1 [19.5 kB]
获取:29 http://cn.archive.ubuntu.com/ubuntu xenial/universe amd64 node-lru-cache all 2.3.1-1 [5,674 B]
获取:30 http://cn.archive.ubuntu.com/ubuntu xenial/universe amd64 node-sigmund all 1.0.0-1 [3,818 B]
获取:31 http://cn.archive.ubuntu.com/ubuntu xenial/universe amd64 node-minimatch all 1.0.0-1 [14.0 kB]
获取:32 http://cn.archive.ubuntu.com/ubuntu xenial/universe amd64 node-fstream-ignore all 0.0.6-2 [5,586 B]
获取:33 http://cn.archive.ubuntu.com/ubuntu xenial/universe amd64 node-github-url-from-git all 1.1.1-1 [3,138 B]
获取:34 http://cn.archive.ubuntu.com/ubuntu xenial/universe amd64 node-once all 1.1.1-1 [2,608 B]
获取:35 http://cn.archive.ubuntu.com/ubuntu xenial/universe amd64 node-glob all 4.0.5-1 [13.2 kB]
获取:36 http://cn.archive.ubuntu.com/ubuntu xenial-updates/universe amd64 nodejs-dev amd64 4.2.6~dfsg-1ubuntu4.1 [265 kB]
获取:37 http://cn.archive.ubuntu.com/ubuntu xenial/universe amd64 node-nopt all 3.0.1-1 [9,544 B]
获取:38 http://cn.archive.ubuntu.com/ubuntu xenial/universe amd64 node-npmlog all 0.0.4-1 [5,844 B]
获取:39 http://cn.archive.ubuntu.com/ubuntu xenial/universe amd64 node-osenv all 0.1.0-1 [3,772 B]
获取:40 http://cn.archive.ubuntu.com/ubuntu xenial/universe amd64 node-tunnel-agent all 0.3.1-1 [4,018 B]
获取:41 http://cn.archive.ubuntu.com/ubuntu xenial/universe amd64 node-json-stringify-safe all 5.0.0-1 [3,544 B]
获取:42 http://cn.archive.ubuntu.com/ubuntu xenial/universe amd64 node-qs all 2.2.4-1 [7,574 B]
获取:43 http://cn.archive.ubuntu.com/ubuntu xenial/universe amd64 node-request all 2.26.1-1 [14.5 kB]
获取:44 http://cn.archive.ubuntu.com/ubuntu xenial/universe amd64 node-semver all 2.1.0-2 [16.2 kB]
获取:45 http://cn.archive.ubuntu.com/ubuntu xenial/universe amd64 node-tar all 1.0.3-2 [17.5 kB]
获取:46 http://cn.archive.ubuntu.com/ubuntu xenial/universe amd64 node-which all 1.0.5-2 [3,678 B]
获取:47 http://cn.archive.ubuntu.com/ubuntu xenial/universe amd64 node-gyp all 3.0.3-2ubuntu1 [23.2 kB]
获取:48 http://cn.archive.ubuntu.com/ubuntu xenial/universe amd64 node-ini all 1.1.0-1 [4,770 B]
获取:49 http://cn.archive.ubuntu.com/ubuntu xenial/universe amd64 node-lockfile all 0.4.1-1 [5,450 B]
获取:50 http://cn.archive.ubuntu.com/ubuntu xenial/universe amd64 node-mute-stream all 0.0.4-1 [4,096 B]
获取:51 http://cn.archive.ubuntu.com/ubuntu xenial/universe amd64 node-normalize-package-data all 0.2.2-1 [9,286 B]
获取:52 http://cn.archive.ubuntu.com/ubuntu xenial/universe amd64 node-read all 1.0.5-1 [4,314 B]
获取:53 http://cn.archive.ubuntu.com/ubuntu xenial/universe amd64 node-read-package-json all 1.2.4-1 [7,780 B]
获取:54 http://cn.archive.ubuntu.com/ubuntu xenial/universe amd64 node-retry all 0.6.0-1 [6,172 B]
获取:55 http://cn.archive.ubuntu.com/ubuntu xenial/universe amd64 node-sha all 1.2.3-1 [4,272 B]
获取:56 http://cn.archive.ubuntu.com/ubuntu xenial/universe amd64 node-slide all 1.1.4-1 [6,118 B]
获取:57 http://cn.archive.ubuntu.com/ubuntu xenial/universe amd64 npm all 3.5.2-0ubuntu4 [1,586 kB]
已下载 6,262 kB，耗时 9秒 (643 kB/s)                                           
正在从软件包中解出模板：100%
正在预设定软件包 ...
(正在读取数据库 ... 系统当前共安装有 175098 个文件和目录。)
正准备解包 .../libssl1.0.0_1.0.2g-1ubuntu4.6_amd64.deb  ...
正在将 libssl1.0.0:amd64 (1.0.2g-1ubuntu4.6) 解包到 (1.0.2g-1ubuntu4) 上 ...
正在选中未选择的软件包 gyp。
正准备解包 .../gyp_0.1+20150913git1f374df9-1ubuntu1_all.deb  ...
正在解包 gyp (0.1+20150913git1f374df9-1ubuntu1) ...
正在选中未选择的软件包 libjs-node-uuid。
正准备解包 .../libjs-node-uuid_1.4.0-1_all.deb  ...
正在解包 libjs-node-uuid (1.4.0-1) ...
正在选中未选择的软件包 libjs-underscore。
正准备解包 .../libjs-underscore_1.7.0~dfsg-1ubuntu1_all.deb  ...
正在解包 libjs-underscore (1.7.0~dfsg-1ubuntu1) ...
正在选中未选择的软件包 zlib1g-dev:amd64。
正准备解包 .../zlib1g-dev_1%3a1.2.8.dfsg-2ubuntu4_amd64.deb  ...
正在解包 zlib1g-dev:amd64 (1:1.2.8.dfsg-2ubuntu4) ...
正在选中未选择的软件包 libssl-dev:amd64。
正准备解包 .../libssl-dev_1.0.2g-1ubuntu4.6_amd64.deb  ...
正在解包 libssl-dev:amd64 (1.0.2g-1ubuntu4.6) ...
正在选中未选择的软件包 libssl-doc。
正准备解包 .../libssl-doc_1.0.2g-1ubuntu4.6_all.deb  ...
正在解包 libssl-doc (1.0.2g-1ubuntu4.6) ...
正在选中未选择的软件包 libuv1-dev:amd64。
正准备解包 .../libuv1-dev_1.8.0-1_amd64.deb  ...
正在解包 libuv1-dev:amd64 (1.8.0-1) ...
正在选中未选择的软件包 node-async。
正准备解包 .../node-async_0.8.0-1_all.deb  ...
正在解包 node-async (0.8.0-1) ...
正在选中未选择的软件包 node-node-uuid。
正准备解包 .../node-node-uuid_1.4.0-1_all.deb  ...
正在解包 node-node-uuid (1.4.0-1) ...
正在选中未选择的软件包 node-underscore。
正准备解包 .../node-underscore_1.7.0~dfsg-1ubuntu1_all.deb  ...
正在解包 node-underscore (1.7.0~dfsg-1ubuntu1) ...
正在选中未选择的软件包 libjs-inherits。
正准备解包 .../libjs-inherits_2.0.1-3_all.deb  ...
正在解包 libjs-inherits (2.0.1-3) ...
正在选中未选择的软件包 node-abbrev。
正准备解包 .../node-abbrev_1.0.5-2_all.deb  ...
正在解包 node-abbrev (1.0.5-2) ...
正在选中未选择的软件包 node-ansi。
正准备解包 .../node-ansi_0.3.0-2_all.deb  ...
正在解包 node-ansi (0.3.0-2) ...
正在选中未选择的软件包 node-ansi-color-table。
正准备解包 .../node-ansi-color-table_1.0.0-1_all.deb  ...
正在解包 node-ansi-color-table (1.0.0-1) ...
正在选中未选择的软件包 node-archy。
正准备解包 .../node-archy_0.0.2-1_all.deb  ...
正在解包 node-archy (0.0.2-1) ...
正在选中未选择的软件包 node-inherits。
正准备解包 .../node-inherits_2.0.1-3_all.deb  ...
正在解包 node-inherits (2.0.1-3) ...
正在选中未选择的软件包 node-block-stream。
正准备解包 .../node-block-stream_0.0.7-1_all.deb  ...
正在解包 node-block-stream (0.0.7-1) ...
正在选中未选择的软件包 node-delayed-stream。
正准备解包 .../node-delayed-stream_0.0.5-1_all.deb  ...
正在解包 node-delayed-stream (0.0.5-1) ...
正在选中未选择的软件包 node-combined-stream。
正准备解包 .../node-combined-stream_0.0.5-1_all.deb  ...
正在解包 node-combined-stream (0.0.5-1) ...
正在选中未选择的软件包 node-cookie-jar。
正准备解包 .../node-cookie-jar_0.3.1-1_all.deb  ...
正在解包 node-cookie-jar (0.3.1-1) ...
正在选中未选择的软件包 node-forever-agent。
正准备解包 .../node-forever-agent_0.5.1-1_all.deb  ...
正在解包 node-forever-agent (0.5.1-1) ...
正在选中未选择的软件包 node-mime。
正准备解包 .../node-mime_1.3.4-1_all.deb  ...
正在解包 node-mime (1.3.4-1) ...
正在选中未选择的软件包 node-form-data。
正准备解包 .../node-form-data_0.1.0-1_all.deb  ...
正在解包 node-form-data (0.1.0-1) ...
正在选中未选择的软件包 node-rimraf。
正准备解包 .../node-rimraf_2.2.8-1_all.deb  ...
正在解包 node-rimraf (2.2.8-1) ...
正在选中未选择的软件包 node-mkdirp。
正准备解包 .../node-mkdirp_0.5.0-1_all.deb  ...
正在解包 node-mkdirp (0.5.0-1) ...
正在选中未选择的软件包 node-graceful-fs。
正准备解包 .../node-graceful-fs_3.0.2-1_all.deb  ...
正在解包 node-graceful-fs (3.0.2-1) ...
正在选中未选择的软件包 node-fstream。
正准备解包 .../node-fstream_0.1.24-1_all.deb  ...
正在解包 node-fstream (0.1.24-1) ...
正在选中未选择的软件包 node-lru-cache。
正准备解包 .../node-lru-cache_2.3.1-1_all.deb  ...
正在解包 node-lru-cache (2.3.1-1) ...
正在选中未选择的软件包 node-sigmund。
正准备解包 .../node-sigmund_1.0.0-1_all.deb  ...
正在解包 node-sigmund (1.0.0-1) ...
正在选中未选择的软件包 node-minimatch。
正准备解包 .../node-minimatch_1.0.0-1_all.deb  ...
正在解包 node-minimatch (1.0.0-1) ...
正在选中未选择的软件包 node-fstream-ignore。
正准备解包 .../node-fstream-ignore_0.0.6-2_all.deb  ...
正在解包 node-fstream-ignore (0.0.6-2) ...
正在选中未选择的软件包 node-github-url-from-git。
正准备解包 .../node-github-url-from-git_1.1.1-1_all.deb  ...
正在解包 node-github-url-from-git (1.1.1-1) ...
正在选中未选择的软件包 node-once。
正准备解包 .../node-once_1.1.1-1_all.deb  ...
正在解包 node-once (1.1.1-1) ...
正在选中未选择的软件包 node-glob。
正准备解包 .../node-glob_4.0.5-1_all.deb  ...
正在解包 node-glob (4.0.5-1) ...
正在选中未选择的软件包 nodejs-dev。
正准备解包 .../nodejs-dev_4.2.6~dfsg-1ubuntu4.1_amd64.deb  ...
正在解包 nodejs-dev (4.2.6~dfsg-1ubuntu4.1) ...
正在选中未选择的软件包 node-nopt。
正准备解包 .../node-nopt_3.0.1-1_all.deb  ...
正在解包 node-nopt (3.0.1-1) ...
正在选中未选择的软件包 node-npmlog。
正准备解包 .../node-npmlog_0.0.4-1_all.deb  ...
正在解包 node-npmlog (0.0.4-1) ...
正在选中未选择的软件包 node-osenv。
正准备解包 .../node-osenv_0.1.0-1_all.deb  ...
正在解包 node-osenv (0.1.0-1) ...
正在选中未选择的软件包 node-tunnel-agent。
正准备解包 .../node-tunnel-agent_0.3.1-1_all.deb  ...
正在解包 node-tunnel-agent (0.3.1-1) ...
正在选中未选择的软件包 node-json-stringify-safe。
正准备解包 .../node-json-stringify-safe_5.0.0-1_all.deb  ...
正在解包 node-json-stringify-safe (5.0.0-1) ...
正在选中未选择的软件包 node-qs。
正准备解包 .../node-qs_2.2.4-1_all.deb  ...
正在解包 node-qs (2.2.4-1) ...
正在选中未选择的软件包 node-request。
正准备解包 .../node-request_2.26.1-1_all.deb  ...
正在解包 node-request (2.26.1-1) ...
正在选中未选择的软件包 node-semver。
正准备解包 .../node-semver_2.1.0-2_all.deb  ...
正在解包 node-semver (2.1.0-2) ...
正在选中未选择的软件包 node-tar。
正准备解包 .../node-tar_1.0.3-2_all.deb  ...
正在解包 node-tar (1.0.3-2) ...
正在选中未选择的软件包 node-which。
正准备解包 .../node-which_1.0.5-2_all.deb  ...
正在解包 node-which (1.0.5-2) ...
正在选中未选择的软件包 node-gyp。
正准备解包 .../node-gyp_3.0.3-2ubuntu1_all.deb  ...
正在解包 node-gyp (3.0.3-2ubuntu1) ...
正在选中未选择的软件包 node-ini。
正准备解包 .../node-ini_1.1.0-1_all.deb  ...
正在解包 node-ini (1.1.0-1) ...
正在选中未选择的软件包 node-lockfile。
正准备解包 .../node-lockfile_0.4.1-1_all.deb  ...
正在解包 node-lockfile (0.4.1-1) ...
正在选中未选择的软件包 node-mute-stream。
正准备解包 .../node-mute-stream_0.0.4-1_all.deb  ...
正在解包 node-mute-stream (0.0.4-1) ...
正在选中未选择的软件包 node-normalize-package-data。
正准备解包 .../node-normalize-package-data_0.2.2-1_all.deb  ...
正在解包 node-normalize-package-data (0.2.2-1) ...
正在选中未选择的软件包 node-read。
正准备解包 .../node-read_1.0.5-1_all.deb  ...
正在解包 node-read (1.0.5-1) ...
正在选中未选择的软件包 node-read-package-json。
正准备解包 .../node-read-package-json_1.2.4-1_all.deb  ...
正在解包 node-read-package-json (1.2.4-1) ...
正在选中未选择的软件包 node-retry。
正准备解包 .../node-retry_0.6.0-1_all.deb  ...
正在解包 node-retry (0.6.0-1) ...
正在选中未选择的软件包 node-sha。
正准备解包 .../node-sha_1.2.3-1_all.deb  ...
正在解包 node-sha (1.2.3-1) ...
正在选中未选择的软件包 node-slide。
正准备解包 .../node-slide_1.1.4-1_all.deb  ...
正在解包 node-slide (1.1.4-1) ...
正在选中未选择的软件包 npm。
正准备解包 .../npm_3.5.2-0ubuntu4_all.deb  ...
正在解包 npm (3.5.2-0ubuntu4) ...
正在处理用于 libc-bin (2.23-0ubuntu3) 的触发器 ...
正在处理用于 man-db (2.7.5-1) 的触发器 ...
正在处理用于 doc-base (0.10.7) 的触发器 ...
Processing 3 added doc-base files...
正在设置 libssl1.0.0:amd64 (1.0.2g-1ubuntu4.6) ...
正在设置 gyp (0.1+20150913git1f374df9-1ubuntu1) ...
正在设置 libjs-node-uuid (1.4.0-1) ...
正在设置 libjs-underscore (1.7.0~dfsg-1ubuntu1) ...
正在设置 zlib1g-dev:amd64 (1:1.2.8.dfsg-2ubuntu4) ...
正在设置 libssl-dev:amd64 (1.0.2g-1ubuntu4.6) ...
正在设置 libssl-doc (1.0.2g-1ubuntu4.6) ...
正在设置 libuv1-dev:amd64 (1.8.0-1) ...
正在设置 node-async (0.8.0-1) ...
正在设置 node-node-uuid (1.4.0-1) ...
正在设置 node-underscore (1.7.0~dfsg-1ubuntu1) ...
正在设置 libjs-inherits (2.0.1-3) ...
正在设置 node-abbrev (1.0.5-2) ...
正在设置 node-ansi (0.3.0-2) ...
正在设置 node-ansi-color-table (1.0.0-1) ...
正在设置 node-archy (0.0.2-1) ...
正在设置 node-inherits (2.0.1-3) ...
正在设置 node-block-stream (0.0.7-1) ...
正在设置 node-delayed-stream (0.0.5-1) ...
正在设置 node-combined-stream (0.0.5-1) ...
正在设置 node-cookie-jar (0.3.1-1) ...
正在设置 node-forever-agent (0.5.1-1) ...
正在设置 node-mime (1.3.4-1) ...
正在设置 node-form-data (0.1.0-1) ...
正在设置 node-rimraf (2.2.8-1) ...
正在设置 node-mkdirp (0.5.0-1) ...
正在设置 node-graceful-fs (3.0.2-1) ...
正在设置 node-fstream (0.1.24-1) ...
正在设置 node-lru-cache (2.3.1-1) ...
正在设置 node-sigmund (1.0.0-1) ...
正在设置 node-minimatch (1.0.0-1) ...
正在设置 node-fstream-ignore (0.0.6-2) ...
正在设置 node-github-url-from-git (1.1.1-1) ...
正在设置 node-once (1.1.1-1) ...
正在设置 node-glob (4.0.5-1) ...
正在设置 nodejs-dev (4.2.6~dfsg-1ubuntu4.1) ...
正在设置 node-nopt (3.0.1-1) ...
正在设置 node-npmlog (0.0.4-1) ...
正在设置 node-osenv (0.1.0-1) ...
正在设置 node-tunnel-agent (0.3.1-1) ...
正在设置 node-json-stringify-safe (5.0.0-1) ...
正在设置 node-qs (2.2.4-1) ...
正在设置 node-request (2.26.1-1) ...
正在设置 node-semver (2.1.0-2) ...
正在设置 node-tar (1.0.3-2) ...
正在设置 node-which (1.0.5-2) ...
正在设置 node-gyp (3.0.3-2ubuntu1) ...
正在设置 node-ini (1.1.0-1) ...
正在设置 node-lockfile (0.4.1-1) ...
正在设置 node-mute-stream (0.0.4-1) ...
正在设置 node-normalize-package-data (0.2.2-1) ...
正在设置 node-read (1.0.5-1) ...
正在设置 node-read-package-json (1.2.4-1) ...
正在设置 node-retry (0.6.0-1) ...
正在设置 node-sha (1.2.3-1) ...
正在设置 node-slide (1.1.4-1) ...
正在设置 npm (3.5.2-0ubuntu4) ...
正在处理用于 libc-bin (2.23-0ubuntu3) 的触发器 ...
rong@rong-GE60-0NC-GE60-0ND:~$ sudo npm install -g n  
/usr/local/bin/n -> /usr/local/lib/node_modules/n/bin/n
/usr/local/lib
└── n@2.1.7 

rong@rong-GE60-0NC-GE60-0ND:~$ sudo n stable 


    


^[
     install : node-v7.8.0
       mkdir : /usr/local/n/versions/node/7.8.0
       fetch : https://nodejs.org/dist/v7.8.0/node-v7.8.0-linux-x64.tar.gz
   installed : v7.8.0

rong@rong-GE60-0NC-GE60-0ND:~$ 
rong@rong-GE60-0NC-GE60-0ND:~$ 
rong@rong-GE60-0NC-GE60-0ND:~$ 
rong@rong-GE60-0NC-GE60-0ND:~$ 
rong@rong-GE60-0NC-GE60-0ND:~$ 
rong@rong-GE60-0NC-GE60-0ND:~$  node --version
v4.2.6
rong@rong-GE60-0NC-GE60-0ND:~$ sudo git clone https://github.com/nodejs/node.git[sudo] rong 的密码： 
sudo: git：找不到命令
rong@rong-GE60-0NC-GE60-0ND:~$ sudo apt-get install git
正在读取软件包列表... 完成
正在分析软件包的依赖关系树       
正在读取状态信息... 完成       
将会同时安装下列软件：
  git-man liberror-perl
建议安装：
  git-daemon-run | git-daemon-sysvinit git-doc git-el git-email git-gui gitk
  gitweb git-arch git-cvs git-mediawiki git-svn
下列【新】软件包将被安装：
  git git-man liberror-perl
升级了 0 个软件包，新安装了 3 个软件包，要卸载 0 个软件包，有 451 个软件包未被升级。
需要下载 3,760 kB 的归档。
解压缩后会消耗 25.6 MB 的额外空间。
您希望继续执行吗？ [Y/n] y
获取:1 http://cn.archive.ubuntu.com/ubuntu xenial/main amd64 liberror-perl all 0.17-1.2 [19.6 kB]
获取:2 http://cn.archive.ubuntu.com/ubuntu xenial/main amd64 git-man all 1:2.7.4-0ubuntu1 [735 kB]
获取:3 http://cn.archive.ubuntu.com/ubuntu xenial/main amd64 git amd64 1:2.7.4-0ubuntu1 [3,006 kB]
已下载 3,760 kB，耗时 5秒 (648 kB/s)
正在选中未选择的软件包 liberror-perl。
(正在读取数据库 ... 系统当前共安装有 180440 个文件和目录。)
正准备解包 .../liberror-perl_0.17-1.2_all.deb  ...
正在解包 liberror-perl (0.17-1.2) ...
正在选中未选择的软件包 git-man。
正准备解包 .../git-man_1%3a2.7.4-0ubuntu1_all.deb  ...
正在解包 git-man (1:2.7.4-0ubuntu1) ...
正在选中未选择的软件包 git。
正准备解包 .../git_1%3a2.7.4-0ubuntu1_amd64.deb  ...
正在解包 git (1:2.7.4-0ubuntu1) ...
正在处理用于 man-db (2.7.5-1) 的触发器 ...
正在设置 liberror-perl (0.17-1.2) ...
正在设置 git-man (1:2.7.4-0ubuntu1) ...
正在设置 git (1:2.7.4-0ubuntu1) ...
rong@rong-GE60-0NC-GE60-0ND:~$ sudo git clone https://github.com/nodejs/node.git正克隆到 'node'...
remote: Counting objects: 292443, done.
remote: Compressing objects: 100% (102/102), done.
remote: Total 292443 (delta 22), reused 1 (delta 1), pack-reused 292340
接收对象中: 100% (292443/292443), 270.79 MiB | 584.00 KiB/s, 完成.
处理 delta 中: 100% (207461/207461), 完成.
检查连接... 完成。
正在检出文件: 100% (20414/20414), 完成.
rong@rong-GE60-0NC-GE60-0ND:~$ Cloning into 'node'...
Cloning：未找到命令
rong@rong-GE60-0NC-GE60-0ND:~$ node --version
v4.2.6
rong@rong-GE60-0NC-GE60-0ND:~$ node --version
v7.8.0
rong@rong-GE60-0NC-GE60-0ND:~$ qingyan@Croesus:~/Downloads$ sudo cp WebStorm-11.0.2.tar.gz /usr/local/
bash: qingyan@Croesus:~/Downloads$: 没有那个文件或目录
rong@rong-GE60-0NC-GE60-0ND:~$ sudo add-apt-repository ppa:webupd8team/sublime-text-3
[sudo] rong 的密码： 
 Sublime Text 3 Installer: the package in this PPA downloads and installs the latest Sublime Text 3 beta builds.

For more info, see: http://www.webupd8.org/2013/07/sublime-text-3-ubuntu-ppa-now-available.html
 更多信息： https://launchpad.net/~webupd8team/+archive/ubuntu/sublime-text-3
按回车继续或者 Ctrl+c 取消添加

gpg: 钥匙环‘/tmp/tmp7h0pupku/secring.gpg’已建立
gpg: 钥匙环‘/tmp/tmp7h0pupku/pubring.gpg’已建立
gpg: 下载密钥‘EEA14886’，从 hkp 服务器 keyserver.ubuntu.com
gpg: /tmp/tmp7h0pupku/trustdb.gpg：建立了信任度数据库
gpg: 密钥 EEA14886：公钥“Launchpad VLC”已导入
gpg: 没有找到任何绝对信任的密钥
gpg: 合计被处理的数量：1
gpg:               已导入：1  (RSA: 1)
OK
rong@rong-GE60-0NC-GE60-0ND:~$ sudo apt-get install sublime-text-installer
正在读取软件包列表... 完成
正在分析软件包的依赖关系树       
正在读取状态信息... 完成       
E: 无法定位软件包 sublime-text-installer
rong@rong-GE60-0NC-GE60-0ND:~$ sudo apt-get update
命中:1 http://archive.ubuntukylin.com:10006/ubuntukylin trusty InRelease
获取:2 http://ppa.launchpad.net/webupd8team/sublime-text-3/ubuntu xenial InRelease [17.6 kB]
获取:3 http://security.ubuntu.com/ubuntu xenial-security InRelease [102 kB]    
命中:4 http://cn.archive.ubuntu.com/ubuntu xenial InRelease                    
获取:5 http://ppa.launchpad.net/webupd8team/sublime-text-3/ubuntu xenial/main amd64 Packages [532 B]
获取:6 http://cn.archive.ubuntu.com/ubuntu xenial-updates InRelease [102 kB]   
获取:7 http://cn.archive.ubuntu.com/ubuntu xenial-backports InRelease [102 kB] 
获取:8 http://ppa.launchpad.net/webupd8team/sublime-text-3/ubuntu xenial/main i386 Packages [532 B]
获取:9 http://ppa.launchpad.net/webupd8team/sublime-text-3/ubuntu xenial/main Translation-en [276 B]
获取:10 http://cn.archive.ubuntu.com/ubuntu xenial-updates/main amd64 Packages [501 kB]
获取:11 http://cn.archive.ubuntu.com/ubuntu xenial-updates/main i386 Packages [491 kB]
获取:12 http://cn.archive.ubuntu.com/ubuntu xenial-updates/main amd64 DEP-11 Metadata [288 kB]
获取:13 http://cn.archive.ubuntu.com/ubuntu xenial-updates/main DEP-11 64x64 Icons [186 kB]
获取:14 http://cn.archive.ubuntu.com/ubuntu xenial-updates/universe amd64 Packages [450 kB]
获取:15 http://cn.archive.ubuntu.com/ubuntu xenial-updates/universe i386 Packages [437 kB]
获取:16 http://cn.archive.ubuntu.com/ubuntu xenial-updates/universe Translation-en [172 kB]
获取:17 http://cn.archive.ubuntu.com/ubuntu xenial-updates/universe amd64 DEP-11 Metadata [160 kB]
获取:18 http://cn.archive.ubuntu.com/ubuntu xenial-updates/universe DEP-11 64x64 Icons [188 kB]
获取:19 http://cn.archive.ubuntu.com/ubuntu xenial-updates/multiverse amd64 DEP-11 Metadata [2,520 B]
获取:20 http://cn.archive.ubuntu.com/ubuntu xenial-backports/main amd64 DEP-11 Metadata [3,324 B]
获取:21 http://security.ubuntu.com/ubuntu xenial-security/main amd64 DEP-11 Metadata [54.2 kB]
获取:22 http://security.ubuntu.com/ubuntu xenial-security/main DEP-11 64x64 Icons [42.4 kB]
获取:23 http://security.ubuntu.com/ubuntu xenial-security/universe amd64 DEP-11 Metadata [32.2 kB]
获取:24 http://security.ubuntu.com/ubuntu xenial-security/universe DEP-11 64x64 Icons [37.0 kB]
已下载 3,371 kB，耗时 14秒 (241 kB/s)                                          
AppStream cache update completed, but some metadata was ignored due to errors.
正在读取软件包列表... 完成
rong@rong-GE60-0NC-GE60-0ND:~$ sudo apt-get install sublime-text-installer
正在读取软件包列表... 完成
正在分析软件包的依赖关系树       
正在读取状态信息... 完成       
下列【新】软件包将被安装：
  sublime-text-installer
升级了 0 个软件包，新安装了 1 个软件包，要卸载 0 个软件包，有 451 个软件包未被升级。
需要下载 9,566 B 的归档。
解压缩后会消耗 26.6 kB 的额外空间。
获取:1 http://ppa.launchpad.net/webupd8team/sublime-text-3/ubuntu xenial/main amd64 sublime-text-installer all 3126-2~webupd8~1 [9,566 B]
已下载 9,566 B，耗时 1秒 (7,393 B/s)               
正在预设定软件包 ...
正在选中未选择的软件包 sublime-text-installer。
(正在读取数据库 ... 系统当前共安装有 181254 个文件和目录。)
正准备解包 .../sublime-text-installer_3126-2~webupd8~1_all.deb  ...
Downloading...
--2017-04-01 20:08:21--  https://download.sublimetext.com/sublime_text_3_build_3126_x64.tar.bz2
正在解析主机 download.sublimetext.com (download.sublimetext.com)... 104.236.0.104
正在连接 download.sublimetext.com (download.sublimetext.com)|104.236.0.104|:443... 已连接。
无法建立 SSL 连接。
download failed
Download done.
Removing outdated cached downloads...
sha256sum mismatch sublime_text_3_build_3126_x64.tar.bz2
Sublime Text is NOT installed.
dpkg: 处理归档 /var/cache/apt/archives/sublime-text-installer_3126-2~webupd8~1_all.deb (--unpack)时出错：
 子进程 新的 pre-installation 脚本 返回错误状态 1
在处理时有错误发生：
 /var/cache/apt/archives/sublime-text-installer_3126-2~webupd8~1_all.deb
E: Sub-process /usr/bin/dpkg returned an error code (1)
rong@rong-GE60-0NC-GE60-0ND:~$ sudo apt-get install sublime-text-installer
正在读取软件包列表... 完成
正在分析软件包的依赖关系树       
正在读取状态信息... 完成       
下列【新】软件包将被安装：
  sublime-text-installer
升级了 0 个软件包，新安装了 1 个软件包，要卸载 0 个软件包，有 451 个软件包未被升级。
需要下载 0 B/9,566 B 的归档。
解压缩后会消耗 26.6 kB 的额外空间。
正在预设定软件包 ...
(正在读取数据库 ... 系统当前共安装有 181254 个文件和目录。)
正准备解包 .../sublime-text-installer_3126-2~webupd8~1_all.deb  ...
Downloading...
--2017-04-01 20:10:08--  https://download.sublimetext.com/sublime_text_3_build_3126_x64.tar.bz2
正在解析主机 download.sublimetext.com (download.sublimetext.com)... 104.236.0.104
正在连接 download.sublimetext.com (download.sublimetext.com)|104.236.0.104|:443... 已连接。
已发出 HTTP 请求，正在等待回应... 200 OK
长度： 9313954 (8.9M) [application/octet-stream]
正在保存至: “sublime_text_3_build_3126_x64.tar.bz2”

     0K ........ ........ ........ .....                      20% 11.9K=2m40s

2017-04-01 20:13:16 (11.9 KB/s) - 在 1949443 字节处连接关闭。 重试中。

--2017-04-01 20:13:17--  (尝试次数： 2)  https://download.sublimetext.com/sublime_text_3_build_3126_x64.tar.bz2
正在连接 download.sublimetext.com (download.sublimetext.com)|104.236.0.104|:443... 已连接。
已发出 HTTP 请求，正在等待回应... 206 Partial Content
长度： 9313954 (8.9M)，剩余 7364511 (7.0M) [application/octet-stream]
正在保存至: “sublime_text_3_build_3126_x64.tar.bz2”

     0K ,,,,,,,, ,,,,,,,, ,,,,,,,, ,,,,,... ........ ........ 33% 39.1K 6m45s
  3072K ........ ........ ........ ........ ........ ........ 67%  176K 67s
  6144K ........ ........ ........ ........ ........ ......  100%  502K=1m42s

2017-04-01 20:15:07 (70.7 KB/s) - 已保存 “sublime_text_3_build_3126_x64.tar.bz2” [9313954/9313954])

Download done.
Removing outdated cached downloads...
sublime_text_3/
sublime_text_3/Packages/
sublime_text_3/Packages/Pascal.sublime-package
sublime_text_3/Packages/Matlab.sublime-package
sublime_text_3/Packages/Go.sublime-package
sublime_text_3/Packages/Graphviz.sublime-package
sublime_text_3/Packages/Haskell.sublime-package
sublime_text_3/Packages/Clojure.sublime-package
sublime_text_3/Packages/TCL.sublime-package
sublime_text_3/Packages/C++.sublime-package
sublime_text_3/Packages/C#.sublime-package
sublime_text_3/Packages/Textile.sublime-package
sublime_text_3/Packages/Text.sublime-package
sublime_text_3/Packages/XML.sublime-package
sublime_text_3/Packages/D.sublime-package
sublime_text_3/Packages/Lisp.sublime-package
sublime_text_3/Packages/Objective-C.sublime-package
sublime_text_3/Packages/Vintage.sublime-package
sublime_text_3/Packages/Groovy.sublime-package
sublime_text_3/Packages/Theme - Default.sublime-package
sublime_text_3/Packages/LaTeX.sublime-package
sublime_text_3/Packages/Color Scheme - Default.sublime-package
sublime_text_3/Packages/Python.sublime-package
sublime_text_3/Packages/R.sublime-package
sublime_text_3/Packages/PHP.sublime-package
sublime_text_3/Packages/ActionScript.sublime-package
sublime_text_3/Packages/OCaml.sublime-package
sublime_text_3/Packages/Language - English.sublime-package
sublime_text_3/Packages/Rails.sublime-package
sublime_text_3/Packages/Regular Expressions.sublime-package
sublime_text_3/Packages/Erlang.sublime-package
sublime_text_3/Packages/Batch File.sublime-package
sublime_text_3/Packages/Markdown.sublime-package
sublime_text_3/Packages/ASP.sublime-package
sublime_text_3/Packages/Perl.sublime-package
sublime_text_3/Packages/Ruby.sublime-package
sublime_text_3/Packages/Makefile.sublime-package
sublime_text_3/Packages/Default.sublime-package
sublime_text_3/Packages/Scala.sublime-package
sublime_text_3/Packages/YAML.sublime-package
sublime_text_3/Packages/JavaScript.sublime-package
sublime_text_3/Packages/ShellScript.sublime-package
sublime_text_3/Packages/Lua.sublime-package
sublime_text_3/Packages/Diff.sublime-package
sublime_text_3/Packages/RestructuredText.sublime-package
sublime_text_3/Packages/SQL.sublime-package
sublime_text_3/Packages/CSS.sublime-package
sublime_text_3/Packages/Rust.sublime-package
sublime_text_3/Packages/Java.sublime-package
sublime_text_3/Packages/AppleScript.sublime-package
sublime_text_3/Packages/HTML.sublime-package
sublime_text_3/changelog.txt
sublime_text_3/sublime_text
sublime_text_3/python3.3.zip
sublime_text_3/plugin_host
sublime_text_3/crash_reporter
sublime_text_3/sublime_text.desktop
sublime_text_3/Icon/
sublime_text_3/Icon/16x16/
sublime_text_3/Icon/16x16/sublime-text.png
sublime_text_3/Icon/32x32/
sublime_text_3/Icon/32x32/sublime-text.png
sublime_text_3/Icon/128x128/
sublime_text_3/Icon/128x128/sublime-text.png
sublime_text_3/Icon/48x48/
sublime_text_3/Icon/48x48/sublime-text.png
sublime_text_3/Icon/256x256/
sublime_text_3/Icon/256x256/sublime-text.png
sublime_text_3/sublime.py
sublime_text_3/sublime_plugin.py
正在解包 sublime-text-installer (3126-2~webupd8~1) ...
正在处理用于 gnome-menus (3.13.3-6ubuntu3) 的触发器 ...
正在处理用于 desktop-file-utils (0.22-1ubuntu5) 的触发器 ...
正在处理用于 bamfdaemon (0.5.3~bzr0+16.04.20160415-0ubuntu1) 的触发器 ...
Rebuilding /usr/share/applications/bamf-2.index...
正在处理用于 mime-support (3.59ubuntu1) 的触发器 ...
正在设置 sublime-text-installer (3126-2~webupd8~1) ...
rong@rong-GE60-0NC-GE60-0ND:~$ subl
rong@rong-GE60-0NC-GE60-0ND:~$ 

